../Core/Src/main.c:77:6:HAL_GPIO_EXTI_Callback	24	static
../Core/Src/main.c:90:6:HAL_ADC_ConvCpltCallback	16	static
../Core/Src/main.c:102:5:main	8	static
../Core/Src/main.c:154:6:SystemClock_Config	88	static
../Core/Src/main.c:199:13:MX_NVIC_Init	8	static
../Core/Src/main.c:217:13:MX_ADC1_Init	24	static
../Core/Src/main.c:269:13:MX_USART1_UART_Init	8	static
../Core/Src/main.c:300:13:MX_DMA_Init	16	static
../Core/Src/main.c:318:13:MX_GPIO_Init	40	static
../Core/Src/main.c:347:6:Error_Handler	4	static,ignoring_inline_asm
